// Jest Snapshot v1, https://goo.gl/fbAQLP

exports[`expect to render card component 1`] = `
<div
  className="bg-light-green dib br3 pa3 ma2 grow bw2 shadow-5"
>
  <img
    alt="robots"
    src="https://robohash.org/undefined?size=525x525"
    style={
      Object {
        "height": "200px",
        "width": "200px",
      }
    }
  />
  <div>
    <h2
      className="mt2 mb1"
    />
    <p
      className="mt1 mb1"
    />
  </div>
</div>
`;
