// Jest Snapshot v1, https://goo.gl/fbAQLP

exports[`renders MainPage without crashing 1`] = `
<div
  className="tc"
>
  <h1
    className="f2 mb0"
  >
    RoboFriends
  </h1>
  <SearchBox />
  <ErrorBoundary>
    <CardList
      robots={Array []}
    />
  </ErrorBoundary>
</div>
`;
