// Jest Snapshot v1, https://goo.gl/fbAQLP

exports[`expect to render SearchBox component 1`] = `
<div
  className="pa2 mt1 mb2"
>
  <input
    aria-label="Search Robots"
    className="pa3 br-pill w6 ba b--green bg-lightest-blue"
    placeholder="Search Robots"
    type="search"
  />
</div>
`;
